// Jest Snapshot v1, https://goo.gl/fbAQLP

exports[`Printer - Test - Detail - it_IT should print its markdown 1`] = `
"
## Dati Tampone  
***
**Certificazione valida 48 ore dall'ora del prelievo**
***

Malattia o agente bersaglio  
**COVID-19**  

Tipo di test  
**Test molecolare**  

Risultato del test  
**Negativo**  

Nome del test molecolare  
**Roche LightCycler qPCR**  

Nome del test antigenico e nome del produttore  
**Abbott Rapid Diagnostics, Panbio COVID-19 Ag Rapid Test**  

Data e ora del prelievo del campione  
**10-05-2021 12:27**  

Data e ora del risultato del test  
**11-05-2021 14:27**  

Centro o struttura in cui è stato eseguito il test  
**Policlinico Umberto I**  

Stato Membro in cui è stato eseguito il test  
**IT**  

Struttura che ha rilasciato la certificazione  
**Ministero della Salute**  

Identificativo univoco del certificato  
**01IT0BFC9866D3854EAC82C21654B6F6DE32#1**  
  
***

*Questo certificato non è un documento di viaggio.  
Le evidenze scientifiche sulla vaccinazione, sui test e sulla guarigione da COVID-19 continuano ad evolversi, anche in considerazione delle nuove varianti del virus.*  
*Prima di viaggiare, si prega di controllare le misure di salute pubblica applicate nel luogo di destinazione e le relative restrizioni anche consultando il sito:*   
[https://reopen.europa.eu/it](https://reopen.europa.eu/it)
  
***
  
Per ulteriori informazioni e per scaricare il certificato in formato PDF stampabile vai su 
[www.dgc.gov.it](https://www.dgc.gov.it)
<br/><br/><br/><br/><br/>
"
`;
