// Jest Snapshot v1, https://goo.gl/fbAQLP

exports[`Printer - Test - Detail - de_DE should print its markdown 1`] = `
"
## Test Zertifikat  
***
**Bescheinigung gültig für 72 Stunden ab dem Zeitpunkt der Abholung**
***

Zielkrankheit oder -wirkstoff  
**COVID-19**  

Testtyp  
**Molekularer Test**  

Testergebnis  
**Negativer**  

Molekularer Testname  
**Roche LightCycler qPCR**  

Name des Antigentests und Name des Herstellers  
**Abbott Rapid Diagnostics, Panbio COVID-19 Ag Rapid Test**  

Datum und Uhrzeit der Probenentnahme  
**2021-05-10 12:27**  

Datum und Uhrzeit des Testergebnis  
**2021-05-11 14:27**  

Zentrum oder Einrichtung, in der der Test durchgeführt wurde  
**Policlinico Umberto I**  

Staat, in dem der Test durchgeführt wurde  
**IT**  

Subjekt, das die Zertifizierung ausgestellt hat  
**Gesundheitsministerium**  

Eindeutige Kennung des Zertifikats  
**01IT0BFC9866D3854EAC82C21654B6F6DE32#1**  
  
***

*Diese Bescheinigung ist kein Reisedokument.  
Die wissenschaftlichen Erkenntnisse zu COVID-19-Impfung, -Tests und -Wiederherstellung entwickeln sich weiter, auch unter Berücksichtigung der neuen Varianten des Virus.*  
*Bitte informieren Sie sich vor der Reise über die am Zielort geltenden Gesundheitsmaßnahmen und die damit verbundenen Einschränkungen auch auf der Website:*   
[https://reopen.europa.eu/de](https://reopen.europa.eu/de)
  
***
  
Weitere Informationen und den Download des Zertifikats im druckfähigen PDF-Format finden Sie auf der Website  
[www.dgc.gov.it](https://www.dgc.gov.it)
<br/><br/><br/><br/><br/>
"
`;
