// Jest Snapshot v1, https://goo.gl/fbAQLP

exports[`Printers should print it markdown - test certificate 1`] = `
"## Certificato di Test
***
**Certificazione valida 48 ore dall'ora del prelievo**
***

Malattia o agente bersaglio  
**COVID-19**

Tipo di test  
**Nucleic acid amplification with probe detection**

Nome del test molecolare
**Roche LightCycler qPCR**




Data e ora del prelievo del campione  
**2021-4-1**

Data e ora del risultato del test
**2021-4-2**

Risultato del test  
**Negativo**

Centro o struttura in cui è stato eseguito il test  
**Policlinico Umberto I**

Stato Membro in cui è stato eseguito il test  
**IT**

Struttura che ha rilasciato la certificazione  
**IT**

Identificativo univoco del certificato  
**01IT0BFC9866D3854EAC82C21654B6F6DE32#1**
  
***

*Questo certificato non è un documento di viaggio. 
Le evidenze scientifiche sulla vaccinazione, sui test e sulla guarigione da COVID-19 continuano ad evolversi, anche in considerazione delle nuove varianti del virus.*  
*Prima di viaggiare, si prega di controllare le misure di salute pubblica applicate nel luogo di destinazione e le relative restrizioni anche consultando il sito:*   
[https://reopen.europa.eu/it](https://reopen.europa.eu/it)
  
***
  
Per ulteriori informazioni e per scaricare il certificato in formato PDF stampabile vai su 
[www.dgc.gov.it](https://www.dgc.gov.it)"
`;

exports[`Printers should print it markdown - vaccine certificate 1`] = `
"## Certificato di Vaccinazione
***
**Certificazione valida 270 giorni (9 mesi) dalla data dell'ultima somministrazione**
***

Malattia o agente bersaglio  
**COVID-19**

Tipo di vaccino somministrato  
**SARS-CoV-2 mRNA vaccine**

Denominazione del vaccino  
**Comirnaty**

Produttore o titolare dell’AIC del vaccino  
**Biontech Manufacturing GmbH**

Numero della dose effettuata / numero totale dosi previste  
**2 / 2**

Data dell’ultima somministrazione (yyyy-mm-dd) 
**2021-3-6**

Stato Membro in cui è stata eseguita la vaccinazione    
**IT**

Struttura che ha rilasciato la certificazione 
**IT-issuer**

Identificativo univoco del certificato  
**01ITE7300E1AB2A84C719004F103DCB1F70A#6**
  
***

*Questo certificato non è un documento di viaggio. 
Le evidenze scientifiche sulla vaccinazione, sui test e sulla guarigione da COVID-19 continuano ad evolversi, anche in considerazione delle nuove varianti del virus.*  
*Prima di viaggiare, si prega di controllare le misure di salute pubblica applicate nel luogo di destinazione e le relative restrizioni anche consultando il sito:*   
[https://reopen.europa.eu/it](https://reopen.europa.eu/it)
  
***
  
Per ulteriori informazioni e per scaricare il certificato in formato PDF stampabile vai su 
[www.dgc.gov.it](https://www.dgc.gov.it)"
`;
