// Jest Snapshot v1, https://goo.gl/fbAQLP

exports[`Printer - Exemption - it_IT should print its detail page 1`] = `
"
## Certificato di Esenzione  
***  
**Soggetto esente alla vaccinazione anti SARS-CoV-2**  
***  

Malattia o agente bersaglio  
**COVID-19**  

Codice fiscale del medico certificatore  
**TODO**  
 
Data inizio validità della certificazione  
**TODO**  

Data di fine validità della certificazione, ove prevista  
**TODO**  

Codice univoco esenzione vaccinale (CUEV)  
**TODO**  

Soggetto che ha rilasciato la certificazione digitale di esenzione  
**TODO**  

***  
*Questa certificazione è valida solo in Italia e può essere utilizzata in sostituzione della Certificazione verde COVID-19 
per lo svolgimento di attività e la fruizione di servizi secondo quanto previsto dalla normativa nazionale vigente*
***  
  
Per ulteriori informazioni e ed informativa privacy: 
[www.dgc.gov.it](https://www.dgc.gov.it); 
[www.salute.gov.it](https://www.salute.gov.it)
<br/><br/><br/><br/><br/>
"
`;

exports[`Printer - Exemption - it_IT should print its info page 1`] = `
"
Surname(s) and forename(s)  
*Cognome e Nome*  
**Di Caprio Marilù Teresa**  

Date of birth  
*Data di nascita (aaaa-mm-gg)*  
**1977-06-16**  

Unique Certificate Identifier  
*Identificativo univoco del certificato*  
**01ITE7300E1AB2A84C719004F103DCB1F70A#8**  

[copia l’identificativo](iohandledlink://copy:01ITE7300E1AB2A84C719004F103DCB1F70A#8)


***
CERTIFICAZIONE VALIDA SOLO IN ITALIA  
sostitutiva, ove previsto dalla normativa vigente, della Certificazione verde COVID-19  
*VALID ONLY IN ITALY*  
*replace the Digital COVID certificate, in accordance with the current national legislation*
***
<br/><br/><br/><br/><br/>
"
`;
